// Jest Snapshot v1, https://goo.gl/fbAQLP

exports[`template integration test using generator should generate application files 1`] = `
"import paho.mqtt.client as mqtt

mqttBroker = "test.mosquitto.org"

class CommentsServiceClient:

  '''This service is in charge of processing all the events related to comments.'''
  def __init__(self):
              self.client = mqtt.Client()
              self.client.connect(mqttBroker)

  def sendCommentLiked(self, id):
      """
    
      Message sent to the broker when a comment is liked

      Args:

        self: CommentsServiceClient

        id (str) : Comment ID
    
      """
      topic = "comment/liked"
      self.client.publish(topic, id)
  def sendCommentUnliked(self, id):
      """
    
      Message sent to the broker when a comment is unliked

      Args:

        self: CommentsServiceClient

        id (str) : Comment ID
    
      """
      topic = "comment/unliked"
      self.client.publish(topic, id)
  def receiveCommentViews(self, callback):
      """

      Message received when a comment is viewed

      Args:

        self: CommentsServiceClient

        callback: Callback function to handle received messages
    
      Callback Args:
    
        client: MQTT client instance that triggers the callback.

        userdata: User data associated with the client. It's set when the client is created.

        message: MQTT message instance representing the received message. It contains information such as topic, payload, etc.

      """
      topic = "comment/views"
      self.client.subscribe(topic)
      self.client.message_callback_add(topic, callback)

  def loop(self): 
          '''This is a blocking form of the network loop and will not return until the client calls disconnect(). It automatically handles reconnecting.'''
          self.client.loop_forever()

"
`;
